src/components/auth/AuthProvider.tsx(305,20): error TS2554: Expected 1-2 arguments, but got 0.
src/components/auth/Onboarding.tsx(358,21): error TS2367: This comparison appears to be unintentional because the types '"error" | "idle" | "claiming"' and '"signing"' have no overlap.
src/components/auth/Onboarding.tsx(359,21): error TS2367: This comparison appears to be unintentional because the types '"error" | "idle" | "claiming"' and '"confirming"' have no overlap.
src/components/auth/Onboarding.tsx(363,24): error TS2367: This comparison appears to be unintentional because the types '"verifying"' and '"signing"' have no overlap.
src/components/auth/Onboarding.tsx(365,24): error TS2367: This comparison appears to be unintentional because the types '"verifying"' and '"confirming"' have no overlap.
src/components/auth/Onboarding.tsx(380,21): error TS2367: This comparison appears to be unintentional because the types '"error" | "idle" | "claiming"' and '"signing"' have no overlap.
src/components/auth/Onboarding.tsx(381,21): error TS2367: This comparison appears to be unintentional because the types '"error" | "idle" | "claiming"' and '"confirming"' have no overlap.
src/components/auth/Onboarding.tsx(385,26): error TS2367: This comparison appears to be unintentional because the types '"verifying"' and '"signing"' have no overlap.
src/components/auth/Onboarding.tsx(387,26): error TS2367: This comparison appears to be unintentional because the types '"verifying"' and '"confirming"' have no overlap.
src/hooks/useCheckIn.ts(294,13): error TS6133: 'milestoneBonus' is declared but its value is never read.
src/hooks/useClaimPoints.ts(1,33): error TS6133: 'useRef' is declared but its value is never read.
