src/pages/Activity.tsx(2,43): error TS6133: 'Check' is declared but its value is never read.
src/pages/Layout.tsx(4,15): error TS6133: 'SettingsIcon' is declared but its value is never read.
src/pages/Layout.tsx(15,3): error TS6133: 'Key' is declared but its value is never read.
src/pages/Layout.tsx(16,3): error TS6133: 'ShieldCheck' is declared but its value is never read.
src/pages/Layout.tsx(17,3): error TS6133: 'Mail' is declared but its value is never read.
src/pages/Layout.tsx(474,5): error TS6133: 'isSending' is declared but its value is never read.
src/pages/Layout.tsx(475,5): error TS6133: 'handleSend' is declared but its value is never read.
src/pages/Layout.tsx(481,5): error TS6133: 'isSwapping' is declared but its value is never read.
src/pages/Layout.tsx(482,5): error TS6133: 'handleSwap' is declared but its value is never read.
src/pages/Layout.tsx(484,5): error TS6133: 'signOut' is declared but its value is never read.
src/pages/Layout.tsx(487,5): error TS6133: 'isAutonomyEnabled' is declared but its value is never read.
src/pages/Layout.tsx(488,5): error TS6133: 'toggleAutonomy' is declared but its value is never read.
src/pages/Layout.tsx(489,5): error TS6133: 'isUpdatingAutonomy' is declared but its value is never read.
