src/services/telegramService.ts(1,28): error TS2307: Cannot find module '@langchain/core/dist/load/serializable' or its corresponding type declarations.
